
> roadguard-backend@1.0.0 test
> jest

  console.log
    Initializing Razorpay with key ID: rzp_test_CjxI6ZFqFKX7Xs

      at new log (src/services/paymentService.js:15:13)

  console.log
    Validation failed: {
      property: 'body',
      errors: [
        {
          field: 'email',
          message: '"email" must be a valid email',
          value: 'invalid-email'
        },
        {
          field: 'password',
          message: '"password" length must be at least 6 characters long',
          value: 'weak'
        },
        {
          field: 'phone',
          message: '"phone" length must be at least 10 characters long',
          value: '123'
        },
        {
          field: 'role',
          message: '"role" must be one of [customer, mechanic]',
          value: 'invalid'
        }
      ],
      endpoint: '/api/auth/register',
      method: 'POST',
      body: {
        name: 'Test',
        email: 'invalid-email',
        phone: '123',
        password: 'weak',
        role: 'invalid'
      }
    }

      at log (src/middlewares/validationMiddleware.js:33:15)

node.exe :   ΓùÅ  
process.exit called with 
"1"
At line:1 char:1
+ & "C:\Program 
Files\nodejs/node.exe" "C:\
Users\online\AppData\Roamin
g ...
+ ~~~~~~~~~~~~~~~~~~~~~~~~~
~~~~~~~~~~~~~~~~~~~~~~~~~~~
~~~~~~~~~~~~~~~~~
    + CategoryInfo         
     : NotSpecified: (  Γ  
  ùÅ  process.exit calle   
 d with "1":String) [],    
 RemoteException
    + FullyQualifiedErrorI 
   d : NativeCommandError
 

    [0m [90m 128 |[39m }
)[33m.[39m[36mcatch[39m
((error) [33m=>[39m {
     [90m 129 |[39m   log
ger[33m.[39merror([32m'F
ailed to start 
server:'[39m[33m,[39m 
error)[33m;[39m
    
[31m[1m>[22m[39m[90m 
130 |[39m   process[33m.
[39mexit([35m1[39m)[33m;
[39m
     [90m     |[39m      
     [31m[1m^[22m[39m
     [90m 131 |[39m 
})[33m;[39m
     [90m 132 |[39m
     [90m 133 |[39m 
[90m// Export server for 
testing[39m[0m

      at exit 
(server.js:130:11)
